<?xml version="1.0" encoding="UTF-8"?>
<testsuites>
  <testsuite name="/home/omgaalfa/php-projetos/applications/query-builder/phpunit.xml" tests="135" assertions="342" errors="0" failures="0" skipped="4" time="0.774660">
    <testsuite name="Unit" tests="135" assertions="342" errors="0" failures="0" skipped="4" time="0.774660">
      <testsuite name="Tests\QueryBuilder\DatabaseSettingsCharsetTest" file="/home/omgaalfa/php-projetos/applications/query-builder/tests/QueryBuilder/DatabaseSettingsCharsetTest.php" tests="2" assertions="4" errors="0" failures="0" skipped="0" time="0.028744">
        <testcase name="testCharsetDefaultsAreSelectedByDriver" file="/home/omgaalfa/php-projetos/applications/query-builder/tests/QueryBuilder/DatabaseSettingsCharsetTest.php" line="12" class="Tests\QueryBuilder\DatabaseSettingsCharsetTest" classname="Tests.QueryBuilder.DatabaseSettingsCharsetTest" assertions="3" time="0.024698"/>
        <testcase name="testExplicitCharsetIsPreserved" file="/home/omgaalfa/php-projetos/applications/query-builder/tests/QueryBuilder/DatabaseSettingsCharsetTest.php" line="19" class="Tests\QueryBuilder\DatabaseSettingsCharsetTest" classname="Tests.QueryBuilder.DatabaseSettingsCharsetTest" assertions="1" time="0.004045"/>
      </testsuite>
      <testsuite name="Tests\QueryBuilder\EnvLoaderTest" file="/home/omgaalfa/php-projetos/applications/query-builder/tests/QueryBuilder/EnvLoaderTest.php" tests="4" assertions="11" errors="0" failures="0" skipped="0" time="0.017310">
        <testcase name="testLoadsQuotedValuesCommentsAndTypedAccessors" file="/home/omgaalfa/php-projetos/applications/query-builder/tests/QueryBuilder/EnvLoaderTest.php" line="32" class="Tests\QueryBuilder\EnvLoaderTest" classname="Tests.QueryBuilder.EnvLoaderTest" assertions="6" time="0.005699"/>
        <testcase name="testDoesNotOverwriteProcessEnvironmentUnlessExplicitlyRequested" file="/home/omgaalfa/php-projetos/applications/query-builder/tests/QueryBuilder/EnvLoaderTest.php" line="55" class="Tests\QueryBuilder\EnvLoaderTest" classname="Tests.QueryBuilder.EnvLoaderTest" assertions="2" time="0.004994"/>
        <testcase name="testRejectsInvalidVariableNamesAndMalformedQuotedValues" file="/home/omgaalfa/php-projetos/applications/query-builder/tests/QueryBuilder/EnvLoaderTest.php" line="69" class="Tests\QueryBuilder\EnvLoaderTest" classname="Tests.QueryBuilder.EnvLoaderTest" assertions="1" time="0.003290"/>
        <testcase name="testStrictPermissionsRejectBroadlyReadableFile" file="/home/omgaalfa/php-projetos/applications/query-builder/tests/QueryBuilder/EnvLoaderTest.php" line="75" class="Tests\QueryBuilder\EnvLoaderTest" classname="Tests.QueryBuilder.EnvLoaderTest" assertions="2" time="0.003327"/>
      </testsuite>
      <testsuite name="Tests\QueryBuilder\FileQueryLoggerTest" file="/home/omgaalfa/php-projetos/applications/query-builder/tests/QueryBuilder/FileQueryLoggerTest.php" tests="7" assertions="31" errors="0" failures="0" skipped="0" time="0.030524">
        <testcase name="testWritesStructuredQueryWithoutParametersByDefault" file="/home/omgaalfa/php-projetos/applications/query-builder/tests/QueryBuilder/FileQueryLoggerTest.php" line="35" class="Tests\QueryBuilder\FileQueryLoggerTest" classname="Tests.QueryBuilder.FileQueryLoggerTest" assertions="8" time="0.005077"/>
        <testcase name="testRedactsSensitiveParametersRecursively" file="/home/omgaalfa/php-projetos/applications/query-builder/tests/QueryBuilder/FileQueryLoggerTest.php" line="50" class="Tests\QueryBuilder\FileQueryLoggerTest" classname="Tests.QueryBuilder.FileQueryLoggerTest" assertions="6" time="0.003998"/>
        <testcase name="testInvalidUtf8DoesNotBreakLogging" file="/home/omgaalfa/php-projetos/applications/query-builder/tests/QueryBuilder/FileQueryLoggerTest.php" line="66" class="Tests\QueryBuilder\FileQueryLoggerTest" classname="Tests.QueryBuilder.FileQueryLoggerTest" assertions="4" time="0.004864"/>
        <testcase name="testErrorTraceIsDisabledByDefault" file="/home/omgaalfa/php-projetos/applications/query-builder/tests/QueryBuilder/FileQueryLoggerTest.php" line="75" class="Tests\QueryBuilder\FileQueryLoggerTest" classname="Tests.QueryBuilder.FileQueryLoggerTest" assertions="5" time="0.003798"/>
        <testcase name="testRotatesLogAtConfiguredSize" file="/home/omgaalfa/php-projetos/applications/query-builder/tests/QueryBuilder/FileQueryLoggerTest.php" line="87" class="Tests\QueryBuilder\FileQueryLoggerTest" classname="Tests.QueryBuilder.FileQueryLoggerTest" assertions="3" time="0.003749"/>
        <testcase name="testDisabledLoggerDoesNotTouchFilesystem" file="/home/omgaalfa/php-projetos/applications/query-builder/tests/QueryBuilder/FileQueryLoggerTest.php" line="97" class="Tests\QueryBuilder\FileQueryLoggerTest" classname="Tests.QueryBuilder.FileQueryLoggerTest" assertions="2" time="0.003508"/>
        <testcase name="testStrictFailureModeReportsWriteFailure" file="/home/omgaalfa/php-projetos/applications/query-builder/tests/QueryBuilder/FileQueryLoggerTest.php" line="105" class="Tests\QueryBuilder\FileQueryLoggerTest" classname="Tests.QueryBuilder.FileQueryLoggerTest" assertions="3" time="0.005530"/>
      </testsuite>
      <testsuite name="Tests\QueryBuilder\PgVectorCacheKeyTest" file="/home/omgaalfa/php-projetos/applications/query-builder/tests/QueryBuilder/PgVectorCacheKeyTest.php" tests="3" assertions="9" errors="0" failures="0" skipped="0" time="0.041811">
        <testcase name="testVectorCacheKeysAreStableDistinctAndCompact" file="/home/omgaalfa/php-projetos/applications/query-builder/tests/QueryBuilder/PgVectorCacheKeyTest.php" line="14" class="Tests\QueryBuilder\PgVectorCacheKeyTest" classname="Tests.QueryBuilder.PgVectorCacheKeyTest" assertions="3" time="0.024641"/>
        <testcase name="testLocaleDoesNotChangeVectorCacheKey" file="/home/omgaalfa/php-projetos/applications/query-builder/tests/QueryBuilder/PgVectorCacheKeyTest.php" line="15" class="Tests\QueryBuilder\PgVectorCacheKeyTest" classname="Tests.QueryBuilder.PgVectorCacheKeyTest" assertions="1" time="0.008278"/>
        <testcase name="testMetricDimensionsLimitOffsetAndFiltersParticipate" file="/home/omgaalfa/php-projetos/applications/query-builder/tests/QueryBuilder/PgVectorCacheKeyTest.php" line="16" class="Tests\QueryBuilder\PgVectorCacheKeyTest" classname="Tests.QueryBuilder.PgVectorCacheKeyTest" assertions="5" time="0.008892"/>
      </testsuite>
      <testsuite name="Tests\QueryBuilder\PgVectorIntegrationTest" file="/home/omgaalfa/php-projetos/applications/query-builder/tests/QueryBuilder/PgVectorIntegrationTest.php" tests="1" assertions="28" errors="0" failures="0" skipped="0" time="0.059220">
        <testcase name="testNativePreparedStatementsAndVectorOperations" file="/home/omgaalfa/php-projetos/applications/query-builder/tests/QueryBuilder/PgVectorIntegrationTest.php" line="51" class="Tests\QueryBuilder\PgVectorIntegrationTest" classname="Tests.QueryBuilder.PgVectorIntegrationTest" assertions="28" time="0.059220"/>
      </testsuite>
      <testsuite name="Tests\QueryBuilder\PgVectorMetricTest" file="/home/omgaalfa/php-projetos/applications/query-builder/tests/QueryBuilder/PgVectorMetricTest.php" tests="1" assertions="1" errors="0" failures="0" skipped="0" time="0.002823">
        <testcase name="testInnerProductMetricReturnsNegativeInnerProduct" file="/home/omgaalfa/php-projetos/applications/query-builder/tests/QueryBuilder/PgVectorMetricTest.php" line="8" class="Tests\QueryBuilder\PgVectorMetricTest" classname="Tests.QueryBuilder.PgVectorMetricTest" assertions="1" time="0.002823"/>
      </testsuite>
      <testsuite name="Tests\QueryBuilder\PgVectorTest" file="/home/omgaalfa/php-projetos/applications/query-builder/tests/QueryBuilder/PgVectorTest.php" tests="16" assertions="32" errors="0" failures="0" skipped="0" time="0.050291">
        <testcase name="testVectorValidationAndCanonicalSerialization" file="/home/omgaalfa/php-projetos/applications/query-builder/tests/QueryBuilder/PgVectorTest.php" line="21" class="Tests\QueryBuilder\PgVectorTest" classname="Tests.QueryBuilder.PgVectorTest" assertions="3" time="0.002565"/>
        <testsuite name="Tests\QueryBuilder\PgVectorTest::testInvalidVectorsAreRejected" tests="8" assertions="8" errors="0" failures="0" skipped="0" time="0.023643">
          <testcase name="testInvalidVectorsAreRejected with data set &quot;empty&quot;" file="/home/omgaalfa/php-projetos/applications/query-builder/tests/QueryBuilder/PgVectorTest.php" line="30" class="Tests\QueryBuilder\PgVectorTest" classname="Tests.QueryBuilder.PgVectorTest" assertions="1" time="0.002528"/>
          <testcase name="testInvalidVectorsAreRejected with data set &quot;non-list&quot;" file="/home/omgaalfa/php-projetos/applications/query-builder/tests/QueryBuilder/PgVectorTest.php" line="30" class="Tests\QueryBuilder\PgVectorTest" classname="Tests.QueryBuilder.PgVectorTest" assertions="1" time="0.003095"/>
          <testcase name="testInvalidVectorsAreRejected with data set &quot;string&quot;" file="/home/omgaalfa/php-projetos/applications/query-builder/tests/QueryBuilder/PgVectorTest.php" line="30" class="Tests\QueryBuilder\PgVectorTest" classname="Tests.QueryBuilder.PgVectorTest" assertions="1" time="0.002682"/>
          <testcase name="testInvalidVectorsAreRejected with data set &quot;nan&quot;" file="/home/omgaalfa/php-projetos/applications/query-builder/tests/QueryBuilder/PgVectorTest.php" line="30" class="Tests\QueryBuilder\PgVectorTest" classname="Tests.QueryBuilder.PgVectorTest" assertions="1" time="0.002806"/>
          <testcase name="testInvalidVectorsAreRejected with data set &quot;positive infinity&quot;" file="/home/omgaalfa/php-projetos/applications/query-builder/tests/QueryBuilder/PgVectorTest.php" line="30" class="Tests\QueryBuilder\PgVectorTest" classname="Tests.QueryBuilder.PgVectorTest" assertions="1" time="0.004376"/>
          <testcase name="testInvalidVectorsAreRejected with data set &quot;negative infinity&quot;" file="/home/omgaalfa/php-projetos/applications/query-builder/tests/QueryBuilder/PgVectorTest.php" line="30" class="Tests\QueryBuilder\PgVectorTest" classname="Tests.QueryBuilder.PgVectorTest" assertions="1" time="0.002574"/>
          <testcase name="testInvalidVectorsAreRejected with data set &quot;wrong dimensions&quot;" file="/home/omgaalfa/php-projetos/applications/query-builder/tests/QueryBuilder/PgVectorTest.php" line="30" class="Tests\QueryBuilder\PgVectorTest" classname="Tests.QueryBuilder.PgVectorTest" assertions="1" time="0.002469"/>
          <testcase name="testInvalidVectorsAreRejected with data set &quot;invalid dimensions&quot;" file="/home/omgaalfa/php-projetos/applications/query-builder/tests/QueryBuilder/PgVectorTest.php" line="30" class="Tests\QueryBuilder\PgVectorTest" classname="Tests.QueryBuilder.PgVectorTest" assertions="1" time="0.003114"/>
        </testsuite>
        <testcase name="testEveryPhysicalExpressionOccurrenceGetsAUniquePlaceholder" file="/home/omgaalfa/php-projetos/applications/query-builder/tests/QueryBuilder/PgVectorTest.php" line="48" class="Tests\QueryBuilder\PgVectorTest" classname="Tests.QueryBuilder.PgVectorTest" assertions="2" time="0.002927"/>
        <testsuite name="Tests\QueryBuilder\PgVectorTest::testNearestNeighborsUsesIndexableAscendingDistance" tests="4" assertions="16" errors="0" failures="0" skipped="0" time="0.013500">
          <testcase name="testNearestNeighborsUsesIndexableAscendingDistance with data set &quot;L2&quot;" file="/home/omgaalfa/php-projetos/applications/query-builder/tests/QueryBuilder/PgVectorTest.php" line="68" class="Tests\QueryBuilder\PgVectorTest" classname="Tests.QueryBuilder.PgVectorTest" assertions="4" time="0.003027"/>
          <testcase name="testNearestNeighborsUsesIndexableAscendingDistance with data set &quot;INNER_PRODUCT&quot;" file="/home/omgaalfa/php-projetos/applications/query-builder/tests/QueryBuilder/PgVectorTest.php" line="68" class="Tests\QueryBuilder\PgVectorTest" classname="Tests.QueryBuilder.PgVectorTest" assertions="4" time="0.004292"/>
          <testcase name="testNearestNeighborsUsesIndexableAscendingDistance with data set &quot;COSINE&quot;" file="/home/omgaalfa/php-projetos/applications/query-builder/tests/QueryBuilder/PgVectorTest.php" line="68" class="Tests\QueryBuilder\PgVectorTest" classname="Tests.QueryBuilder.PgVectorTest" assertions="4" time="0.003103"/>
          <testcase name="testNearestNeighborsUsesIndexableAscendingDistance with data set &quot;L1&quot;" file="/home/omgaalfa/php-projetos/applications/query-builder/tests/QueryBuilder/PgVectorTest.php" line="68" class="Tests\QueryBuilder\PgVectorTest" classname="Tests.QueryBuilder.PgVectorTest" assertions="4" time="0.003078"/>
        </testsuite>
        <testcase name="testVectorInsertAndUpdateUseBoundCast" file="/home/omgaalfa/php-projetos/applications/query-builder/tests/QueryBuilder/PgVectorTest.php" line="90" class="Tests\QueryBuilder\PgVectorTest" classname="Tests.QueryBuilder.PgVectorTest" assertions="2" time="0.003948"/>
        <testcase name="testPgVectorFailsEarlyOnOtherDrivers" file="/home/omgaalfa/php-projetos/applications/query-builder/tests/QueryBuilder/PgVectorTest.php" line="103" class="Tests\QueryBuilder\PgVectorTest" classname="Tests.QueryBuilder.PgVectorTest" assertions="1" time="0.003707"/>
      </testsuite>
      <testsuite name="Tests\QueryBuilder\QueryBuilderBindingTest" file="/home/omgaalfa/php-projetos/applications/query-builder/tests/QueryBuilder/QueryBuilderBindingTest.php" tests="6" assertions="25" errors="0" failures="0" skipped="0" time="0.047941">
        <testcase name="testBindNullUsesParamNull" file="/home/omgaalfa/php-projetos/applications/query-builder/tests/QueryBuilder/QueryBuilderBindingTest.php" line="30" class="Tests\QueryBuilder\QueryBuilderBindingTest" classname="Tests.QueryBuilder.QueryBuilderBindingTest" assertions="5" time="0.014259"/>
        <testcase name="testBindIntUsesParamInt" file="/home/omgaalfa/php-projetos/applications/query-builder/tests/QueryBuilder/QueryBuilderBindingTest.php" line="50" class="Tests\QueryBuilder\QueryBuilderBindingTest" classname="Tests.QueryBuilder.QueryBuilderBindingTest" assertions="5" time="0.008082"/>
        <testcase name="testBindBoolCastsToIntParam" file="/home/omgaalfa/php-projetos/applications/query-builder/tests/QueryBuilder/QueryBuilderBindingTest.php" line="71" class="Tests\QueryBuilder\QueryBuilderBindingTest" classname="Tests.QueryBuilder.QueryBuilderBindingTest" assertions="5" time="0.006414"/>
        <testcase name="testBindDateTimeFormatsString" file="/home/omgaalfa/php-projetos/applications/query-builder/tests/QueryBuilder/QueryBuilderBindingTest.php" line="89" class="Tests\QueryBuilder\QueryBuilderBindingTest" classname="Tests.QueryBuilder.QueryBuilderBindingTest" assertions="4" time="0.005768"/>
        <testcase name="testBindResourceUsesBindParamLob" file="/home/omgaalfa/php-projetos/applications/query-builder/tests/QueryBuilder/QueryBuilderBindingTest.php" line="109" class="Tests\QueryBuilder\QueryBuilderBindingTest" classname="Tests.QueryBuilder.QueryBuilderBindingTest" assertions="5" time="0.008325"/>
        <testcase name="testArrayBindingThrowsDatabaseException" file="/home/omgaalfa/php-projetos/applications/query-builder/tests/QueryBuilder/QueryBuilderBindingTest.php" line="131" class="Tests\QueryBuilder\QueryBuilderBindingTest" classname="Tests.QueryBuilder.QueryBuilderBindingTest" assertions="1" time="0.005092"/>
      </testsuite>
      <testsuite name="Tests\QueryBuilder\QueryBuilderCacheTest" file="/home/omgaalfa/php-projetos/applications/query-builder/tests/QueryBuilder/QueryBuilderCacheTest.php" tests="4" assertions="22" errors="0" failures="0" skipped="0" time="0.023216">
        <testcase name="testExecuteSupportsLazyStreamingAndCache" file="/home/omgaalfa/php-projetos/applications/query-builder/tests/QueryBuilder/QueryBuilderCacheTest.php" line="21" class="Tests\QueryBuilder\QueryBuilderCacheTest" classname="Tests.QueryBuilder.QueryBuilderCacheTest" assertions="7" time="0.005634"/>
        <testcase name="testGetFromCacheReturnsDtoWhenCachePayloadIsValid" file="/home/omgaalfa/php-projetos/applications/query-builder/tests/QueryBuilder/QueryBuilderCacheTest.php" line="113" class="Tests\QueryBuilder\QueryBuilderCacheTest" classname="Tests.QueryBuilder.QueryBuilderCacheTest" assertions="7" time="0.007130"/>
        <testcase name="testGetFromCacheReturnsNullWhenPayloadIsInvalid" file="/home/omgaalfa/php-projetos/applications/query-builder/tests/QueryBuilder/QueryBuilderCacheTest.php" line="154" class="Tests\QueryBuilder\QueryBuilderCacheTest" classname="Tests.QueryBuilder.QueryBuilderCacheTest" assertions="4" time="0.005160"/>
        <testcase name="testSaveToCacheStoresIterableResult" file="/home/omgaalfa/php-projetos/applications/query-builder/tests/QueryBuilder/QueryBuilderCacheTest.php" line="184" class="Tests\QueryBuilder\QueryBuilderCacheTest" classname="Tests.QueryBuilder.QueryBuilderCacheTest" assertions="4" time="0.005292"/>
      </testsuite>
      <testsuite name="Tests\QueryBuilder\QueryBuilderExecutionTest" file="/home/omgaalfa/php-projetos/applications/query-builder/tests/QueryBuilder/QueryBuilderExecutionTest.php" tests="7" assertions="7" errors="0" failures="0" skipped="0" time="0.045547">
        <testcase name="testSumReturnsFloat" file="/home/omgaalfa/php-projetos/applications/query-builder/tests/QueryBuilder/QueryBuilderExecutionTest.php" line="19" class="Tests\QueryBuilder\QueryBuilderExecutionTest" classname="Tests.QueryBuilder.QueryBuilderExecutionTest" assertions="1" time="0.007558"/>
        <testcase name="testAvgReturnsAverage" file="/home/omgaalfa/php-projetos/applications/query-builder/tests/QueryBuilder/QueryBuilderExecutionTest.php" line="28" class="Tests\QueryBuilder\QueryBuilderExecutionTest" classname="Tests.QueryBuilder.QueryBuilderExecutionTest" assertions="1" time="0.006064"/>
        <testcase name="testMaxReturnsMaximum" file="/home/omgaalfa/php-projetos/applications/query-builder/tests/QueryBuilder/QueryBuilderExecutionTest.php" line="37" class="Tests\QueryBuilder\QueryBuilderExecutionTest" classname="Tests.QueryBuilder.QueryBuilderExecutionTest" assertions="1" time="0.005790"/>
        <testcase name="testMinReturnsMinimum" file="/home/omgaalfa/php-projetos/applications/query-builder/tests/QueryBuilder/QueryBuilderExecutionTest.php" line="46" class="Tests\QueryBuilder\QueryBuilderExecutionTest" classname="Tests.QueryBuilder.QueryBuilderExecutionTest" assertions="1" time="0.005691"/>
        <testcase name="testCountReturnsInt" file="/home/omgaalfa/php-projetos/applications/query-builder/tests/QueryBuilder/QueryBuilderExecutionTest.php" line="55" class="Tests\QueryBuilder\QueryBuilderExecutionTest" classname="Tests.QueryBuilder.QueryBuilderExecutionTest" assertions="1" time="0.006024"/>
        <testcase name="testExistsReliesOnCount" file="/home/omgaalfa/php-projetos/applications/query-builder/tests/QueryBuilder/QueryBuilderExecutionTest.php" line="64" class="Tests\QueryBuilder\QueryBuilderExecutionTest" classname="Tests.QueryBuilder.QueryBuilderExecutionTest" assertions="1" time="0.005581"/>
        <testcase name="testCreatesDefaultPaginatorWhenLimitIsUsed" file="/home/omgaalfa/php-projetos/applications/query-builder/tests/QueryBuilder/QueryBuilderExecutionTest.php" line="73" class="Tests\QueryBuilder\QueryBuilderExecutionTest" classname="Tests.QueryBuilder.QueryBuilderExecutionTest" assertions="1" time="0.008839"/>
      </testsuite>
      <testsuite name="Tests\QueryBuilder\QueryBuilderFullTest" file="/home/omgaalfa/php-projetos/applications/query-builder/tests/QueryBuilder/QueryBuilderFullTest.php" tests="26" assertions="52" errors="0" failures="0" skipped="0" time="0.157134">
        <testcase name="testSelectInsertUpdateDeleteSQL" file="/home/omgaalfa/php-projetos/applications/query-builder/tests/QueryBuilder/QueryBuilderFullTest.php" line="33" class="Tests\QueryBuilder\QueryBuilderFullTest" classname="Tests.QueryBuilder.QueryBuilderFullTest" assertions="4" time="0.003946"/>
        <testcase name="testInsertBatch" file="/home/omgaalfa/php-projetos/applications/query-builder/tests/QueryBuilder/QueryBuilderFullTest.php" line="41" class="Tests\QueryBuilder\QueryBuilderFullTest" classname="Tests.QueryBuilder.QueryBuilderFullTest" assertions="1" time="0.004295"/>
        <testcase name="testAllWhereClauses" file="/home/omgaalfa/php-projetos/applications/query-builder/tests/QueryBuilder/QueryBuilderFullTest.php" line="51" class="Tests\QueryBuilder\QueryBuilderFullTest" classname="Tests.QueryBuilder.QueryBuilderFullTest" assertions="6" time="0.005234"/>
        <testcase name="testHavingClauses" file="/home/omgaalfa/php-projetos/applications/query-builder/tests/QueryBuilder/QueryBuilderFullTest.php" line="61" class="Tests\QueryBuilder\QueryBuilderFullTest" classname="Tests.QueryBuilder.QueryBuilderFullTest" assertions="2" time="0.005721"/>
        <testcase name="testJoinTypes" file="/home/omgaalfa/php-projetos/applications/query-builder/tests/QueryBuilder/QueryBuilderFullTest.php" line="76" class="Tests\QueryBuilder\QueryBuilderFullTest" classname="Tests.QueryBuilder.QueryBuilderFullTest" assertions="1" time="0.004631"/>
        <testcase name="testFullJoinThrows" file="/home/omgaalfa/php-projetos/applications/query-builder/tests/QueryBuilder/QueryBuilderFullTest.php" line="86" class="Tests\QueryBuilder\QueryBuilderFullTest" classname="Tests.QueryBuilder.QueryBuilderFullTest" assertions="2" time="0.006235"/>
        <testcase name="testAliasAndRaw" file="/home/omgaalfa/php-projetos/applications/query-builder/tests/QueryBuilder/QueryBuilderFullTest.php" line="100" class="Tests\QueryBuilder\QueryBuilderFullTest" classname="Tests.QueryBuilder.QueryBuilderFullTest" assertions="2" time="0.003955"/>
        <testcase name="testQuoteIdentifier" file="/home/omgaalfa/php-projetos/applications/query-builder/tests/QueryBuilder/QueryBuilderFullTest.php" line="110" class="Tests\QueryBuilder\QueryBuilderFullTest" classname="Tests.QueryBuilder.QueryBuilderFullTest" assertions="2" time="0.004179"/>
        <testcase name="testResetStateDoesNotThrow" file="/home/omgaalfa/php-projetos/applications/query-builder/tests/QueryBuilder/QueryBuilderFullTest.php" line="120" class="Tests\QueryBuilder\QueryBuilderFullTest" classname="Tests.QueryBuilder.QueryBuilderFullTest" assertions="1" time="0.003826"/>
        <testcase name="testInsertBatchGeneratesCorrectSql" file="/home/omgaalfa/php-projetos/applications/query-builder/tests/QueryBuilder/QueryBuilderFullTest.php" line="126" class="Tests\QueryBuilder\QueryBuilderFullTest" classname="Tests.QueryBuilder.QueryBuilderFullTest" assertions="3" time="0.004102"/>
        <testcase name="testInsertBatchThrowsOnMismatchedColumns" file="/home/omgaalfa/php-projetos/applications/query-builder/tests/QueryBuilder/QueryBuilderFullTest.php" line="140" class="Tests\QueryBuilder\QueryBuilderFullTest" classname="Tests.QueryBuilder.QueryBuilderFullTest" assertions="1" time="0.004302"/>
        <testcase name="testWhereNotInGeneratesCorrectSql" file="/home/omgaalfa/php-projetos/applications/query-builder/tests/QueryBuilder/QueryBuilderFullTest.php" line="152" class="Tests\QueryBuilder\QueryBuilderFullTest" classname="Tests.QueryBuilder.QueryBuilderFullTest" assertions="2" time="0.004415"/>
        <testcase name="testWhereNotBetweenGeneratesCorrectSql" file="/home/omgaalfa/php-projetos/applications/query-builder/tests/QueryBuilder/QueryBuilderFullTest.php" line="160" class="Tests\QueryBuilder\QueryBuilderFullTest" classname="Tests.QueryBuilder.QueryBuilderFullTest" assertions="3" time="0.004636"/>
        <testcase name="testWhereNullGeneratesCorrectSql" file="/home/omgaalfa/php-projetos/applications/query-builder/tests/QueryBuilder/QueryBuilderFullTest.php" line="169" class="Tests\QueryBuilder\QueryBuilderFullTest" classname="Tests.QueryBuilder.QueryBuilderFullTest" assertions="1" time="0.013417"/>
        <testcase name="testWhereNotNullGeneratesCorrectSql" file="/home/omgaalfa/php-projetos/applications/query-builder/tests/QueryBuilder/QueryBuilderFullTest.php" line="176" class="Tests\QueryBuilder\QueryBuilderFullTest" classname="Tests.QueryBuilder.QueryBuilderFullTest" assertions="1" time="0.014230"/>
        <testcase name="testInsertBatchSuccess" file="/home/omgaalfa/php-projetos/applications/query-builder/tests/QueryBuilder/QueryBuilderFullTest.php" line="183" class="Tests\QueryBuilder\QueryBuilderFullTest" classname="Tests.QueryBuilder.QueryBuilderFullTest" assertions="3" time="0.014482"/>
        <testcase name="testInsertBatchFailsOnInconsistentColumns" file="/home/omgaalfa/php-projetos/applications/query-builder/tests/QueryBuilder/QueryBuilderFullTest.php" line="196" class="Tests\QueryBuilder\QueryBuilderFullTest" classname="Tests.QueryBuilder.QueryBuilderFullTest" assertions="1" time="0.011110"/>
        <testcase name="testWhereNotIn" file="/home/omgaalfa/php-projetos/applications/query-builder/tests/QueryBuilder/QueryBuilderFullTest.php" line="206" class="Tests\QueryBuilder\QueryBuilderFullTest" classname="Tests.QueryBuilder.QueryBuilderFullTest" assertions="1" time="0.004504"/>
        <testcase name="testWhereNotBetween" file="/home/omgaalfa/php-projetos/applications/query-builder/tests/QueryBuilder/QueryBuilderFullTest.php" line="214" class="Tests\QueryBuilder\QueryBuilderFullTest" classname="Tests.QueryBuilder.QueryBuilderFullTest" assertions="1" time="0.004581"/>
        <testcase name="testWhereNull" file="/home/omgaalfa/php-projetos/applications/query-builder/tests/QueryBuilder/QueryBuilderFullTest.php" line="222" class="Tests\QueryBuilder\QueryBuilderFullTest" classname="Tests.QueryBuilder.QueryBuilderFullTest" assertions="1" time="0.003902"/>
        <testcase name="testWhereNotNull" file="/home/omgaalfa/php-projetos/applications/query-builder/tests/QueryBuilder/QueryBuilderFullTest.php" line="230" class="Tests\QueryBuilder\QueryBuilderFullTest" classname="Tests.QueryBuilder.QueryBuilderFullTest" assertions="1" time="0.004424"/>
        <testcase name="testHavingClause" file="/home/omgaalfa/php-projetos/applications/query-builder/tests/QueryBuilder/QueryBuilderFullTest.php" line="238" class="Tests\QueryBuilder\QueryBuilderFullTest" classname="Tests.QueryBuilder.QueryBuilderFullTest" assertions="1" time="0.004067"/>
        <testcase name="testHavingClauseWithoutGroupByThrows" file="/home/omgaalfa/php-projetos/applications/query-builder/tests/QueryBuilder/QueryBuilderFullTest.php" line="249" class="Tests\QueryBuilder\QueryBuilderFullTest" classname="Tests.QueryBuilder.QueryBuilderFullTest" assertions="1" time="0.005012"/>
        <testcase name="testHavingRawClause" file="/home/omgaalfa/php-projetos/applications/query-builder/tests/QueryBuilder/QueryBuilderFullTest.php" line="259" class="Tests\QueryBuilder\QueryBuilderFullTest" classname="Tests.QueryBuilder.QueryBuilderFullTest" assertions="1" time="0.004007"/>
        <testcase name="testAliasSetsCorrectlyInFrom" file="/home/omgaalfa/php-projetos/applications/query-builder/tests/QueryBuilder/QueryBuilderFullTest.php" line="270" class="Tests\QueryBuilder\QueryBuilderFullTest" classname="Tests.QueryBuilder.QueryBuilderFullTest" assertions="1" time="0.004742"/>
        <testcase name="testFullQueryWithAllClauses" file="/home/omgaalfa/php-projetos/applications/query-builder/tests/QueryBuilder/QueryBuilderFullTest.php" line="280" class="Tests\QueryBuilder\QueryBuilderFullTest" classname="Tests.QueryBuilder.QueryBuilderFullTest" assertions="8" time="0.009178"/>
      </testsuite>
      <testsuite name="Tests\QueryBuilder\QueryBuilderIntegrationTest" file="/home/omgaalfa/php-projetos/applications/query-builder/tests/QueryBuilder/QueryBuilderIntegrationTest.php" tests="4" assertions="0" errors="0" failures="0" skipped="4" time="0.000000">
        <testcase name="testInsertSelectCountSumAvg" file="/home/omgaalfa/php-projetos/applications/query-builder/tests/QueryBuilder/QueryBuilderIntegrationTest.php" line="77" class="Tests\QueryBuilder\QueryBuilderIntegrationTest" classname="Tests.QueryBuilder.QueryBuilderIntegrationTest" assertions="0" time="0.000000">
          <skipped/>
        </testcase>
        <testcase name="testUpdateAndDelete" file="/home/omgaalfa/php-projetos/applications/query-builder/tests/QueryBuilder/QueryBuilderIntegrationTest.php" line="97" class="Tests\QueryBuilder\QueryBuilderIntegrationTest" classname="Tests.QueryBuilder.QueryBuilderIntegrationTest" assertions="0" time="0.000000">
          <skipped/>
        </testcase>
        <testcase name="testTransactionRollback" file="/home/omgaalfa/php-projetos/applications/query-builder/tests/QueryBuilder/QueryBuilderIntegrationTest.php" line="112" class="Tests\QueryBuilder\QueryBuilderIntegrationTest" classname="Tests.QueryBuilder.QueryBuilderIntegrationTest" assertions="0" time="0.000000">
          <skipped/>
        </testcase>
        <testcase name="testPaginationLimitAndGetTotalCount" file="/home/omgaalfa/php-projetos/applications/query-builder/tests/QueryBuilder/QueryBuilderIntegrationTest.php" line="129" class="Tests\QueryBuilder\QueryBuilderIntegrationTest" classname="Tests.QueryBuilder.QueryBuilderIntegrationTest" assertions="0" time="0.000000">
          <skipped/>
        </testcase>
      </testsuite>
      <testsuite name="Tests\QueryBuilder\QueryBuilderOperationsTest" file="/home/omgaalfa/php-projetos/applications/query-builder/tests/QueryBuilder/QueryBuilderOperationsTest.php" tests="21" assertions="29" errors="0" failures="0" skipped="0" time="0.103864">
        <testcase name="testSelectWithAlias" file="/home/omgaalfa/php-projetos/applications/query-builder/tests/QueryBuilder/QueryBuilderOperationsTest.php" line="22" class="Tests\QueryBuilder\QueryBuilderOperationsTest" classname="Tests.QueryBuilder.QueryBuilderOperationsTest" assertions="1" time="0.003274"/>
        <testcase name="testSelectWithFields" file="/home/omgaalfa/php-projetos/applications/query-builder/tests/QueryBuilder/QueryBuilderOperationsTest.php" line="32" class="Tests\QueryBuilder\QueryBuilderOperationsTest" classname="Tests.QueryBuilder.QueryBuilderOperationsTest" assertions="1" time="0.004153"/>
        <testcase name="testInsertGeneratesExpectedSQL" file="/home/omgaalfa/php-projetos/applications/query-builder/tests/QueryBuilder/QueryBuilderOperationsTest.php" line="38" class="Tests\QueryBuilder\QueryBuilderOperationsTest" classname="Tests.QueryBuilder.QueryBuilderOperationsTest" assertions="3" time="0.003044"/>
        <testcase name="testUpdateGeneratesExpectedSQL" file="/home/omgaalfa/php-projetos/applications/query-builder/tests/QueryBuilder/QueryBuilderOperationsTest.php" line="50" class="Tests\QueryBuilder\QueryBuilderOperationsTest" classname="Tests.QueryBuilder.QueryBuilderOperationsTest" assertions="1" time="0.003677"/>
        <testcase name="testDeleteGeneratesExpectedSQL" file="/home/omgaalfa/php-projetos/applications/query-builder/tests/QueryBuilder/QueryBuilderOperationsTest.php" line="56" class="Tests\QueryBuilder\QueryBuilderOperationsTest" classname="Tests.QueryBuilder.QueryBuilderOperationsTest" assertions="1" time="0.003767"/>
        <testcase name="testWhereEquals" file="/home/omgaalfa/php-projetos/applications/query-builder/tests/QueryBuilder/QueryBuilderOperationsTest.php" line="62" class="Tests\QueryBuilder\QueryBuilderOperationsTest" classname="Tests.QueryBuilder.QueryBuilderOperationsTest" assertions="1" time="0.014210"/>
        <testcase name="testOrWhere" file="/home/omgaalfa/php-projetos/applications/query-builder/tests/QueryBuilder/QueryBuilderOperationsTest.php" line="72" class="Tests\QueryBuilder\QueryBuilderOperationsTest" classname="Tests.QueryBuilder.QueryBuilderOperationsTest" assertions="1" time="0.013723"/>
        <testcase name="testWhereIn" file="/home/omgaalfa/php-projetos/applications/query-builder/tests/QueryBuilder/QueryBuilderOperationsTest.php" line="88" class="Tests\QueryBuilder\QueryBuilderOperationsTest" classname="Tests.QueryBuilder.QueryBuilderOperationsTest" assertions="1" time="0.003609"/>
        <testcase name="testWhereNotIn" file="/home/omgaalfa/php-projetos/applications/query-builder/tests/QueryBuilder/QueryBuilderOperationsTest.php" line="94" class="Tests\QueryBuilder\QueryBuilderOperationsTest" classname="Tests.QueryBuilder.QueryBuilderOperationsTest" assertions="1" time="0.003858"/>
        <testcase name="testWhereBetween" file="/home/omgaalfa/php-projetos/applications/query-builder/tests/QueryBuilder/QueryBuilderOperationsTest.php" line="100" class="Tests\QueryBuilder\QueryBuilderOperationsTest" classname="Tests.QueryBuilder.QueryBuilderOperationsTest" assertions="1" time="0.003900"/>
        <testcase name="testWhereNotBetween" file="/home/omgaalfa/php-projetos/applications/query-builder/tests/QueryBuilder/QueryBuilderOperationsTest.php" line="106" class="Tests\QueryBuilder\QueryBuilderOperationsTest" classname="Tests.QueryBuilder.QueryBuilderOperationsTest" assertions="1" time="0.009680"/>
        <testcase name="testWhereNullAndNotNull" file="/home/omgaalfa/php-projetos/applications/query-builder/tests/QueryBuilder/QueryBuilderOperationsTest.php" line="112" class="Tests\QueryBuilder\QueryBuilderOperationsTest" classname="Tests.QueryBuilder.QueryBuilderOperationsTest" assertions="2" time="0.003513"/>
        <testcase name="testJoin" file="/home/omgaalfa/php-projetos/applications/query-builder/tests/QueryBuilder/QueryBuilderOperationsTest.php" line="121" class="Tests\QueryBuilder\QueryBuilderOperationsTest" classname="Tests.QueryBuilder.QueryBuilderOperationsTest" assertions="3" time="0.006051"/>
        <testcase name="testFullJoinThrowsExceptionOnUnsupportedDriver" file="/home/omgaalfa/php-projetos/applications/query-builder/tests/QueryBuilder/QueryBuilderOperationsTest.php" line="171" class="Tests\QueryBuilder\QueryBuilderOperationsTest" classname="Tests.QueryBuilder.QueryBuilderOperationsTest" assertions="2" time="0.003176"/>
        <testcase name="testOrderBy" file="/home/omgaalfa/php-projetos/applications/query-builder/tests/QueryBuilder/QueryBuilderOperationsTest.php" line="199" class="Tests\QueryBuilder\QueryBuilderOperationsTest" classname="Tests.QueryBuilder.QueryBuilderOperationsTest" assertions="1" time="0.003358"/>
        <testcase name="testGroupByAndHaving" file="/home/omgaalfa/php-projetos/applications/query-builder/tests/QueryBuilder/QueryBuilderOperationsTest.php" line="205" class="Tests\QueryBuilder\QueryBuilderOperationsTest" classname="Tests.QueryBuilder.QueryBuilderOperationsTest" assertions="2" time="0.003640"/>
        <testcase name="testHavingRequiresGroupBy" file="/home/omgaalfa/php-projetos/applications/query-builder/tests/QueryBuilder/QueryBuilderOperationsTest.php" line="217" class="Tests\QueryBuilder\QueryBuilderOperationsTest" classname="Tests.QueryBuilder.QueryBuilderOperationsTest" assertions="1" time="0.003337"/>
        <testcase name="testHavingRaw" file="/home/omgaalfa/php-projetos/applications/query-builder/tests/QueryBuilder/QueryBuilderOperationsTest.php" line="223" class="Tests\QueryBuilder\QueryBuilderOperationsTest" classname="Tests.QueryBuilder.QueryBuilderOperationsTest" assertions="1" time="0.002946"/>
        <testcase name="testLimit" file="/home/omgaalfa/php-projetos/applications/query-builder/tests/QueryBuilder/QueryBuilderOperationsTest.php" line="234" class="Tests\QueryBuilder\QueryBuilderOperationsTest" classname="Tests.QueryBuilder.QueryBuilderOperationsTest" assertions="1" time="0.003342"/>
        <testcase name="testRawQuery" file="/home/omgaalfa/php-projetos/applications/query-builder/tests/QueryBuilder/QueryBuilderOperationsTest.php" line="244" class="Tests\QueryBuilder\QueryBuilderOperationsTest" classname="Tests.QueryBuilder.QueryBuilderOperationsTest" assertions="1" time="0.003233"/>
        <testcase name="testQuoteIdentifierEscapesProperly" file="/home/omgaalfa/php-projetos/applications/query-builder/tests/QueryBuilder/QueryBuilderOperationsTest.php" line="251" class="Tests\QueryBuilder\QueryBuilderOperationsTest" classname="Tests.QueryBuilder.QueryBuilderOperationsTest" assertions="2" time="0.004372"/>
      </testsuite>
      <testsuite name="Tests\QueryBuilder\QueryBuilderSecurityTest" file="/home/omgaalfa/php-projetos/applications/query-builder/tests/QueryBuilder/QueryBuilderSecurityTest.php" tests="4" assertions="5" errors="0" failures="0" skipped="0" time="0.012601">
        <testcase name="testSelectIncludesMaliciousSemicolonField" file="/home/omgaalfa/php-projetos/applications/query-builder/tests/QueryBuilder/QueryBuilderSecurityTest.php" line="17" class="Tests\QueryBuilder\QueryBuilderSecurityTest" classname="Tests.QueryBuilder.QueryBuilderSecurityTest" assertions="1" time="0.002912"/>
        <testcase name="testSelectIncludesMaliciousCommentField" file="/home/omgaalfa/php-projetos/applications/query-builder/tests/QueryBuilder/QueryBuilderSecurityTest.php" line="25" class="Tests\QueryBuilder\QueryBuilderSecurityTest" classname="Tests.QueryBuilder.QueryBuilderSecurityTest" assertions="1" time="0.002991"/>
        <testcase name="testSelectIncludesFunctionExpression" file="/home/omgaalfa/php-projetos/applications/query-builder/tests/QueryBuilder/QueryBuilderSecurityTest.php" line="33" class="Tests\QueryBuilder\QueryBuilderSecurityTest" classname="Tests.QueryBuilder.QueryBuilderSecurityTest" assertions="1" time="0.003736"/>
        <testcase name="testSelectQualifiedIdentifierLeftIntact" file="/home/omgaalfa/php-projetos/applications/query-builder/tests/QueryBuilder/QueryBuilderSecurityTest.php" line="41" class="Tests\QueryBuilder\QueryBuilderSecurityTest" classname="Tests.QueryBuilder.QueryBuilderSecurityTest" assertions="2" time="0.002962"/>
      </testsuite>
      <testsuite name="Tests\QueryBuilder\QueryBuilderToSqlSecurityTest" file="/home/omgaalfa/php-projetos/applications/query-builder/tests/QueryBuilder/QueryBuilderToSqlSecurityTest.php" tests="23" assertions="76" errors="0" failures="0" skipped="0" time="0.127409">
        <testcase name="testSqlInjectionOr1Equals1" file="/home/omgaalfa/php-projetos/applications/query-builder/tests/QueryBuilder/QueryBuilderToSqlSecurityTest.php" line="54" class="Tests\QueryBuilder\QueryBuilderToSqlSecurityTest" classname="Tests.QueryBuilder.QueryBuilderToSqlSecurityTest" assertions="3" time="0.004862">
          <system-out>
✅ PROTEÇÃO ATIVA: SQL Injection OR 1=1 bloqueado
   SQL Seguro:  SELECT * FROM `usuarios` WHERE `nome` = :param0
   SQL Debug:   SELECT * FROM `usuarios` WHERE `nome` = '\' OR 1=1 --'
</system-out>
        </testcase>
        <testcase name="testSqlInjectionUnionSelect" file="/home/omgaalfa/php-projetos/applications/query-builder/tests/QueryBuilder/QueryBuilderToSqlSecurityTest.php" line="83" class="Tests\QueryBuilder\QueryBuilderToSqlSecurityTest" classname="Tests.QueryBuilder.QueryBuilderToSqlSecurityTest" assertions="4" time="0.005295">
          <system-out>
✅ PROTEÇÃO ATIVA: SQL Injection UNION SELECT bloqueado
   SQL Seguro: SELECT * FROM `usuarios` WHERE `email` = :param0
</system-out>
        </testcase>
        <testcase name="testSqlInjectionSqlComments" file="/home/omgaalfa/php-projetos/applications/query-builder/tests/QueryBuilder/QueryBuilderToSqlSecurityTest.php" line="109" class="Tests\QueryBuilder\QueryBuilderToSqlSecurityTest" classname="Tests.QueryBuilder.QueryBuilderToSqlSecurityTest" assertions="2" time="0.005248">
          <system-out>
✅ PROTEÇÃO ATIVA: SQL Injection via comentário bloqueado
   SQL Debug: SELECT * FROM `usuarios` WHERE `username` = 'admin\' --'
</system-out>
        </testcase>
        <testcase name="testSqlInjectionStackedQueries" file="/home/omgaalfa/php-projetos/applications/query-builder/tests/QueryBuilder/QueryBuilderToSqlSecurityTest.php" line="132" class="Tests\QueryBuilder\QueryBuilderToSqlSecurityTest" classname="Tests.QueryBuilder.QueryBuilderToSqlSecurityTest" assertions="3" time="0.004423">
          <system-out>
✅ PROTEÇÃO ATIVA: Stacked queries (DROP TABLE) bloqueado
   SQL Seguro: SELECT * FROM `usuarios` WHERE `id` = :param0
</system-out>
        </testcase>
        <testcase name="testSqlInjectionHexEncoding" file="/home/omgaalfa/php-projetos/applications/query-builder/tests/QueryBuilder/QueryBuilderToSqlSecurityTest.php" line="156" class="Tests\QueryBuilder\QueryBuilderToSqlSecurityTest" classname="Tests.QueryBuilder.QueryBuilderToSqlSecurityTest" assertions="2" time="0.007412">
          <system-out>
✅ PROTEÇÃO ATIVA: Hex encoding tratado como string
</system-out>
        </testcase>
        <testcase name="testSpecialCharactersQuotes" file="/home/omgaalfa/php-projetos/applications/query-builder/tests/QueryBuilder/QueryBuilderToSqlSecurityTest.php" line="180" class="Tests\QueryBuilder\QueryBuilderToSqlSecurityTest" classname="Tests.QueryBuilder.QueryBuilderToSqlSecurityTest" assertions="3" time="0.004325">
          <system-out>
✅ Aspas corretamente escapadas no debug
</system-out>
        </testcase>
        <testcase name="testSpecialCharactersBackslashes" file="/home/omgaalfa/php-projetos/applications/query-builder/tests/QueryBuilder/QueryBuilderToSqlSecurityTest.php" line="203" class="Tests\QueryBuilder\QueryBuilderToSqlSecurityTest" classname="Tests.QueryBuilder.QueryBuilderToSqlSecurityTest" assertions="1" time="0.005138">
          <system-out>
✅ Backslashes escapados corretamente
</system-out>
        </testcase>
        <testcase name="testSpecialCharactersUnicode" file="/home/omgaalfa/php-projetos/applications/query-builder/tests/QueryBuilder/QueryBuilderToSqlSecurityTest.php" line="220" class="Tests\QueryBuilder\QueryBuilderToSqlSecurityTest" classname="Tests.QueryBuilder.QueryBuilderToSqlSecurityTest" assertions="1" time="0.005163">
          <system-out>
✅ Unicode preservado corretamente
</system-out>
        </testcase>
        <testcase name="testLikeOperatorWithMaliciousWildcards" file="/home/omgaalfa/php-projetos/applications/query-builder/tests/QueryBuilder/QueryBuilderToSqlSecurityTest.php" line="241" class="Tests\QueryBuilder\QueryBuilderToSqlSecurityTest" classname="Tests.QueryBuilder.QueryBuilderToSqlSecurityTest" assertions="2" time="0.004965">
          <system-out>
✅ LIKE com wildcards maliciosos bloqueado
</system-out>
        </testcase>
        <testcase name="testInOperatorWithMaliciousValues" file="/home/omgaalfa/php-projetos/applications/query-builder/tests/QueryBuilder/QueryBuilderToSqlSecurityTest.php" line="260" class="Tests\QueryBuilder\QueryBuilderToSqlSecurityTest" classname="Tests.QueryBuilder.QueryBuilderToSqlSecurityTest" assertions="2" time="0.004780">
          <system-out>
✅ IN operator com valores maliciosos bloqueado
</system-out>
        </testcase>
        <testcase name="testBetweenOperatorWithMaliciousValues" file="/home/omgaalfa/php-projetos/applications/query-builder/tests/QueryBuilder/QueryBuilderToSqlSecurityTest.php" line="281" class="Tests\QueryBuilder\QueryBuilderToSqlSecurityTest" classname="Tests.QueryBuilder.QueryBuilderToSqlSecurityTest" assertions="3" time="0.005220">
          <system-out>
✅ BETWEEN com valores maliciosos bloqueado
</system-out>
        </testcase>
        <testcase name="testDataTypesBoolean" file="/home/omgaalfa/php-projetos/applications/query-builder/tests/QueryBuilder/QueryBuilderToSqlSecurityTest.php" line="306" class="Tests\QueryBuilder\QueryBuilderToSqlSecurityTest" classname="Tests.QueryBuilder.QueryBuilderToSqlSecurityTest" assertions="3" time="0.005383">
          <system-out>
✅ Booleanos convertidos corretamente (1/0)
   SQL Debug: SELECT * FROM `usuarios` WHERE `ativo` = 1 AND `deletado` = 0
</system-out>
        </testcase>
        <testcase name="testDataTypesNull" file="/home/omgaalfa/php-projetos/applications/query-builder/tests/QueryBuilder/QueryBuilderToSqlSecurityTest.php" line="328" class="Tests\QueryBuilder\QueryBuilderToSqlSecurityTest" classname="Tests.QueryBuilder.QueryBuilderToSqlSecurityTest" assertions="1" time="0.004542">
          <system-out>
✅ NULL tratado corretamente
</system-out>
        </testcase>
        <testcase name="testDataTypesNumeric" file="/home/omgaalfa/php-projetos/applications/query-builder/tests/QueryBuilder/QueryBuilderToSqlSecurityTest.php" line="343" class="Tests\QueryBuilder\QueryBuilderToSqlSecurityTest" classname="Tests.QueryBuilder.QueryBuilderToSqlSecurityTest" assertions="2" time="0.004502">
          <system-out>
✅ Números sem aspas (correto)
</system-out>
        </testcase>
        <testcase name="testDataTypesDateTime" file="/home/omgaalfa/php-projetos/applications/query-builder/tests/QueryBuilder/QueryBuilderToSqlSecurityTest.php" line="361" class="Tests\QueryBuilder\QueryBuilderToSqlSecurityTest" classname="Tests.QueryBuilder.QueryBuilderToSqlSecurityTest" assertions="1" time="0.005034">
          <system-out>
✅ DateTime formatado corretamente
</system-out>
        </testcase>
        <testcase name="testMultipleWhereConditionsAnd" file="/home/omgaalfa/php-projetos/applications/query-builder/tests/QueryBuilder/QueryBuilderToSqlSecurityTest.php" line="382" class="Tests\QueryBuilder\QueryBuilderToSqlSecurityTest" classname="Tests.QueryBuilder.QueryBuilderToSqlSecurityTest" assertions="5" time="0.004968">
          <system-out>
✅ Múltiplas condições AND: todas protegidas
</system-out>
        </testcase>
        <testcase name="testMultipleWhereConditionsOr" file="/home/omgaalfa/php-projetos/applications/query-builder/tests/QueryBuilder/QueryBuilderToSqlSecurityTest.php" line="404" class="Tests\QueryBuilder\QueryBuilderToSqlSecurityTest" classname="Tests.QueryBuilder.QueryBuilderToSqlSecurityTest" assertions="3" time="0.006525">
          <system-out>
✅ Condições OR: ambas protegidas
</system-out>
        </testcase>
        <testcase name="testEdgeCaseEmptyString" file="/home/omgaalfa/php-projetos/applications/query-builder/tests/QueryBuilder/QueryBuilderToSqlSecurityTest.php" line="427" class="Tests\QueryBuilder\QueryBuilderToSqlSecurityTest" classname="Tests.QueryBuilder.QueryBuilderToSqlSecurityTest" assertions="1" time="0.004937">
          <system-out>
✅ String vazia tratada corretamente
</system-out>
        </testcase>
        <testcase name="testEdgeCaseVeryLongString" file="/home/omgaalfa/php-projetos/applications/query-builder/tests/QueryBuilder/QueryBuilderToSqlSecurityTest.php" line="441" class="Tests\QueryBuilder\QueryBuilderToSqlSecurityTest" classname="Tests.QueryBuilder.QueryBuilderToSqlSecurityTest" assertions="2" time="0.004602">
          <system-out>
✅ String longa com injection bloqueada
</system-out>
        </testcase>
        <testcase name="testEdgeCaseNumericStrings" file="/home/omgaalfa/php-projetos/applications/query-builder/tests/QueryBuilder/QueryBuilderToSqlSecurityTest.php" line="460" class="Tests\QueryBuilder\QueryBuilderToSqlSecurityTest" classname="Tests.QueryBuilder.QueryBuilderToSqlSecurityTest" assertions="2" time="0.004743">
          <system-out>
✅ Strings numéricas com aspas (correto)
</system-out>
        </testcase>
        <testcase name="testSecurityPlaceholdersAlwaysPresent" file="/home/omgaalfa/php-projetos/applications/query-builder/tests/QueryBuilder/QueryBuilderToSqlSecurityTest.php" line="480" class="Tests\QueryBuilder\QueryBuilderToSqlSecurityTest" classname="Tests.QueryBuilder.QueryBuilderToSqlSecurityTest" assertions="3" time="0.005624">
          <system-out>
✅ SEGURANÇA VERIFICADA: Placeholders sempre presentes
   SQL: SELECT * FROM `usuarios` WHERE `id` = :param0 AND `nome` = :param1
</system-out>
        </testcase>
        <testcase name="testSecurityNoInjectionWorksWithPlaceholders" file="/home/omgaalfa/php-projetos/applications/query-builder/tests/QueryBuilder/QueryBuilderToSqlSecurityTest.php" line="501" class="Tests\QueryBuilder\QueryBuilderToSqlSecurityTest" classname="Tests.QueryBuilder.QueryBuilderToSqlSecurityTest" assertions="25" time="0.008953">
          <system-out>
═══════════════════════════════════════════════════════════════════
🔒 TESTE FINAL: Verificando proteção contra ataques conhecidos
═══════════════════════════════════════════════════════════════════
   ✅ Ataque 1 BLOQUEADO: ' OR '1'='1
      SQL gerado: SELECT * FROM `usuarios` WHERE `username` = :param0

   ✅ Ataque 2 BLOQUEADO: '; DROP TABLE usuarios; --
      SQL gerado: SELECT * FROM `usuarios` WHERE `username` = :param0

   ✅ Ataque 3 BLOQUEADO: admin' --
      SQL gerado: SELECT * FROM `usuarios` WHERE `username` = :param0

   ✅ Ataque 4 BLOQUEADO: ' UNION SELECT * FROM admin_users --
      SQL gerado: SELECT * FROM `usuarios` WHERE `username` = :param0

   ✅ Ataque 5 BLOQUEADO: 1'; UPDATE usuarios SET role='admin' WHERE '1'='1
      SQL gerado: SELECT * FROM `usuarios` WHERE `username` = :param0

═══════════════════════════════════════════════════════════════════
🎉 TODOS OS ATAQUES FORAM BLOQUEADOS COM SUCESSO!
═══════════════════════════════════════════════════════════════════
</system-out>
        </testcase>
        <testcase name="testSecurityAddslashesWorksProperly" file="/home/omgaalfa/php-projetos/applications/query-builder/tests/QueryBuilder/QueryBuilderToSqlSecurityTest.php" line="542" class="Tests\QueryBuilder\QueryBuilderToSqlSecurityTest" classname="Tests.QueryBuilder.QueryBuilderToSqlSecurityTest" assertions="2" time="0.010764">
          <system-out>
✅ addslashes funcionando corretamente
</system-out>
        </testcase>
      </testsuite>
      <testsuite name="Tests\QueryBuilder\QueryBuilderUnitTest" file="/home/omgaalfa/php-projetos/applications/query-builder/tests/QueryBuilder/QueryBuilderUnitTest.php" tests="2" assertions="6" errors="0" failures="0" skipped="0" time="0.013157">
        <testcase name="testAggregateMethodsUsePreparedStatementAndReturnValues" file="/home/omgaalfa/php-projetos/applications/query-builder/tests/QueryBuilder/QueryBuilderUnitTest.php" line="17" class="Tests\QueryBuilder\QueryBuilderUnitTest" classname="Tests.QueryBuilder.QueryBuilderUnitTest" assertions="4" time="0.008894"/>
        <testcase name="testTransactionalDelegatesToConnection" file="/home/omgaalfa/php-projetos/applications/query-builder/tests/QueryBuilder/QueryBuilderUnitTest.php" line="62" class="Tests\QueryBuilder\QueryBuilderUnitTest" classname="Tests.QueryBuilder.QueryBuilderUnitTest" assertions="2" time="0.004263"/>
      </testsuite>
      <testsuite name="Tests\QueryBuilder\RedisCacheConfigurationTest" file="/home/omgaalfa/php-projetos/applications/query-builder/tests/QueryBuilder/RedisCacheConfigurationTest.php" tests="4" assertions="4" errors="0" failures="0" skipped="0" time="0.013067">
        <testsuite name="Tests\QueryBuilder\RedisCacheConfigurationTest::testRejectsInvalidConnectionConfiguration" tests="4" assertions="4" errors="0" failures="0" skipped="0" time="0.013067">
          <testcase name="testRejectsInvalidConnectionConfiguration with data set &quot;port below range&quot;" file="/home/omgaalfa/php-projetos/applications/query-builder/tests/QueryBuilder/RedisCacheConfigurationTest.php" line="16" class="Tests\QueryBuilder\RedisCacheConfigurationTest" classname="Tests.QueryBuilder.RedisCacheConfigurationTest" assertions="1" time="0.004060"/>
          <testcase name="testRejectsInvalidConnectionConfiguration with data set &quot;port above range&quot;" file="/home/omgaalfa/php-projetos/applications/query-builder/tests/QueryBuilder/RedisCacheConfigurationTest.php" line="16" class="Tests\QueryBuilder\RedisCacheConfigurationTest" classname="Tests.QueryBuilder.RedisCacheConfigurationTest" assertions="1" time="0.003065"/>
          <testcase name="testRejectsInvalidConnectionConfiguration with data set &quot;non-positive timeout&quot;" file="/home/omgaalfa/php-projetos/applications/query-builder/tests/QueryBuilder/RedisCacheConfigurationTest.php" line="16" class="Tests\QueryBuilder\RedisCacheConfigurationTest" classname="Tests.QueryBuilder.RedisCacheConfigurationTest" assertions="1" time="0.002532"/>
          <testcase name="testRejectsInvalidConnectionConfiguration with data set &quot;negative database&quot;" file="/home/omgaalfa/php-projetos/applications/query-builder/tests/QueryBuilder/RedisCacheConfigurationTest.php" line="16" class="Tests\QueryBuilder\RedisCacheConfigurationTest" classname="Tests.QueryBuilder.RedisCacheConfigurationTest" assertions="1" time="0.003410"/>
        </testsuite>
      </testsuite>
    </testsuite>
  </testsuite>
</testsuites>
